// Vitest Snapshot v1, https://vitest.dev/guide/snapshot.html

exports[`should match snapshot 1`] = `
<DocumentFragment>
  <div
    class="Card"
  >
    <h4
      class="Card-title"
    />
    <img
      class="Card-image"
    />
    <small
      class="Card-small"
    >
      Image 1 of 2.
    </small>
  </div>
</DocumentFragment>
`;
